{"schema":"ee.response.v1","success":false,"fields":"standard","data":{"command":"doctor","version":"0.1.0","healthy":false,"checks":[{"name":"runtime","severity":"ok","message":"Asupersync runtime initialized successfully."},{"name":"workspace","severity":"warning","message":"Selected workspace has no .ee state at tests/fixtures."},{"name":"database","severity":"warning","message":"Database file not found at tests/fixtures/.ee/ee.db."},{"name":"search_index","severity":"warning","message":"Search index is missing for the current workspace."},{"name":"cass","severity":"warning","message":"CASS binary not found in trusted locations."}]}}
