{"schema":"ee.response.v1","success":false,"fields":"standard","data":{"command":"health","version":"0.1.0","verdict":"degraded","subsystems":{"runtime":true,"storage":false,"search":false},"summary":{"issueCount":2,"highSeverity":0,"mediumSeverity":2},"issues":[{"subsystem":"storage","code":"storage_not_implemented","severity":"medium"},{"subsystem":"search","code":"search_not_implemented","severity":"medium"}]}}
