{
  "schema": "ee.response.v2",
  "success": true,
  "data": {
    "command": "search",
    "status": "success",
    "embed_backend": "hash_fallback",
    "query": "cargo test before release",
    "request": {
      "sourceMode": "hybrid",
      "strictSourceMode": false,
      "memoryScope": "swarm",
      "strictScope": false
    },
    "scopeStats": {
      "scopeApplied": "swarm",
      "strictScope": false,
      "currentAgent": null,
      "teamSize": 0,
      "candidatesTotal": 3,
      "candidatesInScope": 3,
      "candidatesExcludedByScope": 0,
      "strictViolations": 0,
      "excludedMemoryIds": []
    },
    "results": [
      {
        "docId": "mem_00000000000000000000010001",
        "score": 1.0,
        "relevanceScore": 1.0,
        "scoreKind": "query_relative_pool_minmax",
        "calibrationId": "blake3:35546ed493457c8e01f63b1f8ec54a05ff0c8f26fcfc6ff388897f08d7609ac1",
        "scoreInterval": [
          0.0,
          1.0
        ],
        "coverageGuarantee": null,
        "calibrated": false,
        "source": "lexical",
        "why": "Relevance 1.0000 from score 1.0000 (query_relative_pool_minmax) via lexical match (1.70). EE quality ranking 1.079996; original relevance and calibration are unchanged.",
        "provenance": [
          {
            "kind": "provenance_uri",
            "uri": "fixture://tests/search_deterministic_golden"
          },
          {
            "kind": "search_document",
            "docId": "mem_00000000000000000000010001"
          }
        ],
        "memoryId": "mem_00000000000000000000010001",
        "lexicalScore": 1.7022393,
        "content": "Before release, run cargo fmt --check and cargo test to verify formatting.",
        "metadata": {
          "calibrated": false,
          "content": "Before release, run cargo fmt --check and cargo test to verify formatting.",
          "content_truncated": false,
          "coverageGuarantee": null,
          "created_at": "2026-04-30T10:00:00+00:00",
          "kind": "rule",
          "level": "procedural",
          "memory_scope": "swarm",
          "provenanceChainHash": "[PROVENANCE_CHAIN_HASH]",
          "provenanceVerificationStatus": "unverified",
          "qualityScoring": {
            "schema": "ee.search.quality_scoring.v1",
            "policyHash": "blake3:c132faf5bee2e594dd3fcb3780987f73685bd759903375480173145ca87f1341",
            "entityType": "memory",
            "rankingBound": 1.8000001,
            "referenceTime": "2026-04-30T12:00:00.000Z",
            "components": {
              "base": 1.0,
              "recency": 0.99722606,
              "confidence": 0.95,
              "utility": 0.95,
              "maturity": 1.0,
              "harmfulPenalty": 1.0,
              "scopeMatch": 1.2,
              "graphCentrality": 1.0,
              "redundancy": 1.0,
              "anchorMatch": 0.0,
              "beadAffinity": 0.0,
              "freshnessDrift": 1.0,
              "finalScore": 1.0799959
            },
            "observedSignals": {
              "recency": true,
              "confidence": true,
              "utility": true,
              "maturity": false,
              "harmfulPenalty": true,
              "scopeMatch": true,
              "graphCentrality": false,
              "redundancy": false,
              "freshnessDrift": false,
              "anchorMatch": false,
              "beadAffinity": false
            },
            "inputs": {
              "ageDays": 0.083333336,
              "confidence": 0.95,
              "utility": 0.9,
              "maturity": null,
              "harmfulCount": 0,
              "scopeMatch": true,
              "graphCentrality": null,
              "redundancy": null,
              "freshnessDrift": null,
              "anchorMatch": null,
              "beadAffinity": null
            }
          },
          "schema": "ee.search.document.v1",
          "scoreCalibration": {
            "schema": "ee.search.score_calibration.v1",
            "method": "scaled_split_conformal",
            "status": "absent",
            "calibrationId": "blake3:35546ed493457c8e01f63b1f8ec54a05ff0c8f26fcfc6ff388897f08d7609ac1",
            "coverage": 0.95,
            "sampleCount": 0,
            "minimumSamples": 20,
            "sourceBreakdown": {
              "jsonl": 0,
              "feedbackEvents": 0,
              "feedbackEventsMalformed": 0,
              "feedbackEventsReadStatus": "ok",
              "feedbackEventsUnavailableReason": null
            },
            "corruptRowCount": 0,
            "corruptLineNumbers": [],
            "residualQuantile": null,
            "unreadableReason": null,
            "provenance": {
              "jsonlHash": null,
              "jsonlPath": ".ee/search/calibration.jsonl",
              "feedbackEventIds": [],
              "feedbackEventIdsTruncated": false
            }
          },
          "scoreInterval": [
            0.0,
            1.0
          ],
          "source": "memory",
          "trust_class": "human_explicit",
          "trust_subclass": "search-ranking-golden",
          "valid_from": "2026-04-30T10:00:00+00:00",
          "validity_status": "current",
          "validity_window_kind": "starts_at",
          "workspace": "[WORKSPACE]"
        },
        "validFrom": "2026-04-30T10:00:00+00:00",
        "validityStatus": "current",
        "validityWindowKind": "starts_at",
        "explanation": {
          "summary": "Relevance 1.0000 from score 1.0000 (query_relative_pool_minmax) via lexical match (1.70). EE quality ranking 1.079996; original relevance and calibration are unchanged.",
          "factors": [
            {
              "name": "lexical",
              "value": 1.7022393,
              "contribution": "raw BM25 term matching before returned-pool normalization",
              "sourceField": "lexical_score",
              "formula": "score = minmax(lexical_score, returned_pool)"
            },
            {
              "name": "base",
              "value": 1.0,
              "contribution": "source-derived quality ranking component",
              "sourceField": "metadata.qualityScoring.components.base",
              "formula": "ranking_base = relevanceScore"
            },
            {
              "name": "recency",
              "value": 0.99722606,
              "contribution": "source-derived quality ranking component",
              "sourceField": "metadata.qualityScoring.components.recency",
              "formula": "max(recency_floor, exp(-age_days / recency_tau_days))"
            },
            {
              "name": "confidence",
              "value": 0.95,
              "contribution": "source-derived quality ranking component",
              "sourceField": "metadata.qualityScoring.components.confidence",
              "formula": "max(confidence_floor, confidence)"
            },
            {
              "name": "utility",
              "value": 0.95,
              "contribution": "source-derived quality ranking component",
              "sourceField": "metadata.qualityScoring.components.utility",
              "formula": "utility_floor + (1 - utility_floor) * utility"
            },
            {
              "name": "maturity",
              "value": 1.0,
              "contribution": "neutral: signal unavailable or not observed",
              "sourceField": "metadata.qualityScoring.components.maturity",
              "formula": "configured multiplier for the observed native maturity"
            },
            {
              "name": "harmfulPenalty",
              "value": 1.0,
              "contribution": "source-derived quality ranking component",
              "sourceField": "metadata.qualityScoring.components.harmfulPenalty",
              "formula": "max(harmful_penalty_floor, 1 - harmful_penalty_per_hit * harmful_count)"
            },
            {
              "name": "scopeMatch",
              "value": 1.2,
              "contribution": "source-derived quality ranking component",
              "sourceField": "metadata.qualityScoring.components.scopeMatch",
              "formula": "scope_match_bonus for an authoritative exact workspace/scope match"
            },
            {
              "name": "graphCentrality",
              "value": 1.0,
              "contribution": "neutral: signal unavailable or not observed",
              "sourceField": "metadata.qualityScoring.components.graphCentrality",
              "formula": "1 when graph centrality is not observed"
            },
            {
              "name": "redundancy",
              "value": 1.0,
              "contribution": "neutral: signal unavailable or not observed",
              "sourceField": "metadata.qualityScoring.components.redundancy",
              "formula": "1 when redundancy is not observed"
            },
            {
              "name": "freshnessDrift",
              "value": 1.0,
              "contribution": "neutral: signal unavailable or not observed",
              "sourceField": "metadata.qualityScoring.components.freshnessDrift",
              "formula": "1 when anchor freshness is not observed"
            },
            {
              "name": "qualityRanking",
              "value": 1.0799959,
              "contribution": "final EE quality ranking; engine relevance is unchanged",
              "sourceField": "metadata.qualityScoring.components.finalScore",
              "formula": "ranking = base * recency * confidence * utility * maturity * harmfulPenalty * scopeMatch; unobserved optional terms are neutral"
            }
          ]
        }
      },
      {
        "docId": "mem_00000000000000000000010002",
        "score": 0.6233764,
        "relevanceScore": 0.623376,
        "scoreKind": "query_relative_pool_minmax",
        "calibrationId": "blake3:35546ed493457c8e01f63b1f8ec54a05ff0c8f26fcfc6ff388897f08d7609ac1",
        "scoreInterval": [
          0.0,
          1.0
        ],
        "coverageGuarantee": null,
        "calibrated": false,
        "source": "lexical",
        "why": "Relevance 0.6234 from score 0.6234 (query_relative_pool_minmax) via lexical match (1.06). EE quality ranking 0.597392; original relevance and calibration are unchanged.",
        "provenance": [
          {
            "kind": "provenance_uri",
            "uri": "fixture://tests/search_deterministic_golden"
          },
          {
            "kind": "search_document",
            "docId": "mem_00000000000000000000010002"
          }
        ],
        "memoryId": "mem_00000000000000000000010002",
        "lexicalScore": 1.0611359,
        "content": "Before pushing to main, run cargo test and inspect failing integration logs.",
        "metadata": {
          "calibrated": false,
          "content": "Before pushing to main, run cargo test and inspect failing integration logs.",
          "content_truncated": false,
          "coverageGuarantee": null,
          "created_at": "2026-04-30T10:01:00+00:00",
          "kind": "rule",
          "level": "procedural",
          "memory_scope": "swarm",
          "provenanceChainHash": "[PROVENANCE_CHAIN_HASH]",
          "provenanceVerificationStatus": "unverified",
          "qualityScoring": {
            "schema": "ee.search.quality_scoring.v1",
            "policyHash": "blake3:c132faf5bee2e594dd3fcb3780987f73685bd759903375480173145ca87f1341",
            "entityType": "memory",
            "rankingBound": 1.8000001,
            "referenceTime": "2026-04-30T12:00:00.000Z",
            "components": {
              "base": 0.6233764,
              "recency": 0.9972492,
              "confidence": 0.88,
              "utility": 0.90999997,
              "maturity": 1.0,
              "harmfulPenalty": 1.0,
              "scopeMatch": 1.2,
              "graphCentrality": 1.0,
              "redundancy": 1.0,
              "anchorMatch": 0.0,
              "beadAffinity": 0.0,
              "freshnessDrift": 1.0,
              "finalScore": 0.597392
            },
            "observedSignals": {
              "recency": true,
              "confidence": true,
              "utility": true,
              "maturity": false,
              "harmfulPenalty": true,
              "scopeMatch": true,
              "graphCentrality": false,
              "redundancy": false,
              "freshnessDrift": false,
              "anchorMatch": false,
              "beadAffinity": false
            },
            "inputs": {
              "ageDays": 0.08263889,
              "confidence": 0.88,
              "utility": 0.82,
              "maturity": null,
              "harmfulCount": 0,
              "scopeMatch": true,
              "graphCentrality": null,
              "redundancy": null,
              "freshnessDrift": null,
              "anchorMatch": null,
              "beadAffinity": null
            }
          },
          "schema": "ee.search.document.v1",
          "scoreCalibration": {
            "schema": "ee.search.score_calibration.v1",
            "method": "scaled_split_conformal",
            "status": "absent",
            "calibrationId": "blake3:35546ed493457c8e01f63b1f8ec54a05ff0c8f26fcfc6ff388897f08d7609ac1",
            "coverage": 0.95,
            "sampleCount": 0,
            "minimumSamples": 20,
            "sourceBreakdown": {
              "jsonl": 0,
              "feedbackEvents": 0,
              "feedbackEventsMalformed": 0,
              "feedbackEventsReadStatus": "ok",
              "feedbackEventsUnavailableReason": null
            },
            "corruptRowCount": 0,
            "corruptLineNumbers": [],
            "residualQuantile": null,
            "unreadableReason": null,
            "provenance": {
              "jsonlHash": null,
              "jsonlPath": ".ee/search/calibration.jsonl",
              "feedbackEventIds": [],
              "feedbackEventIdsTruncated": false
            }
          },
          "scoreInterval": [
            0.0,
            1.0
          ],
          "source": "memory",
          "trust_class": "human_explicit",
          "trust_subclass": "search-ranking-golden",
          "valid_from": "2026-04-30T10:01:00+00:00",
          "validity_status": "current",
          "validity_window_kind": "starts_at",
          "workspace": "[WORKSPACE]"
        },
        "validFrom": "2026-04-30T10:01:00+00:00",
        "validityStatus": "current",
        "validityWindowKind": "starts_at",
        "explanation": {
          "summary": "Relevance 0.6234 from score 0.6234 (query_relative_pool_minmax) via lexical match (1.06). EE quality ranking 0.597392; original relevance and calibration are unchanged.",
          "factors": [
            {
              "name": "lexical",
              "value": 1.0611359,
              "contribution": "raw BM25 term matching before returned-pool normalization",
              "sourceField": "lexical_score",
              "formula": "score = minmax(lexical_score, returned_pool)"
            },
            {
              "name": "base",
              "value": 0.6233764,
              "contribution": "source-derived quality ranking component",
              "sourceField": "metadata.qualityScoring.components.base",
              "formula": "ranking_base = relevanceScore"
            },
            {
              "name": "recency",
              "value": 0.9972492,
              "contribution": "source-derived quality ranking component",
              "sourceField": "metadata.qualityScoring.components.recency",
              "formula": "max(recency_floor, exp(-age_days / recency_tau_days))"
            },
            {
              "name": "confidence",
              "value": 0.88,
              "contribution": "source-derived quality ranking component",
              "sourceField": "metadata.qualityScoring.components.confidence",
              "formula": "max(confidence_floor, confidence)"
            },
            {
              "name": "utility",
              "value": 0.90999997,
              "contribution": "source-derived quality ranking component",
              "sourceField": "metadata.qualityScoring.components.utility",
              "formula": "utility_floor + (1 - utility_floor) * utility"
            },
            {
              "name": "maturity",
              "value": 1.0,
              "contribution": "neutral: signal unavailable or not observed",
              "sourceField": "metadata.qualityScoring.components.maturity",
              "formula": "configured multiplier for the observed native maturity"
            },
            {
              "name": "harmfulPenalty",
              "value": 1.0,
              "contribution": "source-derived quality ranking component",
              "sourceField": "metadata.qualityScoring.components.harmfulPenalty",
              "formula": "max(harmful_penalty_floor, 1 - harmful_penalty_per_hit * harmful_count)"
            },
            {
              "name": "scopeMatch",
              "value": 1.2,
              "contribution": "source-derived quality ranking component",
              "sourceField": "metadata.qualityScoring.components.scopeMatch",
              "formula": "scope_match_bonus for an authoritative exact workspace/scope match"
            },
            {
              "name": "graphCentrality",
              "value": 1.0,
              "contribution": "neutral: signal unavailable or not observed",
              "sourceField": "metadata.qualityScoring.components.graphCentrality",
              "formula": "1 when graph centrality is not observed"
            },
            {
              "name": "redundancy",
              "value": 1.0,
              "contribution": "neutral: signal unavailable or not observed",
              "sourceField": "metadata.qualityScoring.components.redundancy",
              "formula": "1 when redundancy is not observed"
            },
            {
              "name": "freshnessDrift",
              "value": 1.0,
              "contribution": "neutral: signal unavailable or not observed",
              "sourceField": "metadata.qualityScoring.components.freshnessDrift",
              "formula": "1 when anchor freshness is not observed"
            },
            {
              "name": "qualityRanking",
              "value": 0.597392,
              "contribution": "final EE quality ranking; engine relevance is unchanged",
              "sourceField": "metadata.qualityScoring.components.finalScore",
              "formula": "ranking = base * recency * confidence * utility * maturity * harmfulPenalty * scopeMatch; unobserved optional terms are neutral"
            }
          ]
        }
      },
      {
        "docId": "mem_00000000000000000000010003",
        "score": 0.36304024,
        "relevanceScore": 0.36304,
        "scoreKind": "query_relative_pool_minmax",
        "calibrationId": "blake3:35546ed493457c8e01f63b1f8ec54a05ff0c8f26fcfc6ff388897f08d7609ac1",
        "scoreInterval": [
          0.0,
          1.0
        ],
        "coverageGuarantee": null,
        "calibrated": false,
        "source": "lexical",
        "why": "Relevance 0.3630 from score 0.3630 (query_relative_pool_minmax) via lexical match (0.62). EE quality ranking 0.246339; original relevance and calibration are unchanged.",
        "provenance": [
          {
            "kind": "provenance_uri",
            "uri": "fixture://tests/search_deterministic_golden"
          },
          {
            "kind": "search_document",
            "docId": "mem_00000000000000000000010003"
          }
        ],
        "memoryId": "mem_00000000000000000000010003",
        "lexicalScore": 0.6179814,
        "content": "A prior release failed because formatting checks were skipped before packaging.",
        "metadata": {
          "calibrated": false,
          "content": "A prior release failed because formatting checks were skipped before packaging.",
          "content_truncated": false,
          "coverageGuarantee": null,
          "created_at": "2026-04-30T10:02:00+00:00",
          "kind": "fact",
          "level": "episodic",
          "memory_scope": "swarm",
          "provenanceChainHash": "[PROVENANCE_CHAIN_HASH]",
          "provenanceVerificationStatus": "unverified",
          "qualityScoring": {
            "schema": "ee.search.quality_scoring.v1",
            "policyHash": "blake3:c132faf5bee2e594dd3fcb3780987f73685bd759903375480173145ca87f1341",
            "entityType": "memory",
            "rankingBound": 1.8000001,
            "referenceTime": "2026-04-30T12:00:00.000Z",
            "components": {
              "base": 0.36304024,
              "recency": 0.99727225,
              "confidence": 0.7,
              "utility": 0.81,
              "maturity": 1.0,
              "harmfulPenalty": 1.0,
              "scopeMatch": 1.2,
              "graphCentrality": 1.0,
              "redundancy": 1.0,
              "anchorMatch": 0.0,
              "beadAffinity": 0.0,
              "freshnessDrift": 1.0,
              "finalScore": 0.24633883
            },
            "observedSignals": {
              "recency": true,
              "confidence": true,
              "utility": true,
              "maturity": true,
              "harmfulPenalty": true,
              "scopeMatch": true,
              "graphCentrality": false,
              "redundancy": false,
              "freshnessDrift": false,
              "anchorMatch": false,
              "beadAffinity": false
            },
            "inputs": {
              "ageDays": 0.08194444,
              "confidence": 0.7,
              "utility": 0.62,
              "maturity": "episodic",
              "harmfulCount": 0,
              "scopeMatch": true,
              "graphCentrality": null,
              "redundancy": null,
              "freshnessDrift": null,
              "anchorMatch": null,
              "beadAffinity": null
            }
          },
          "schema": "ee.search.document.v1",
          "scoreCalibration": {
            "schema": "ee.search.score_calibration.v1",
            "method": "scaled_split_conformal",
            "status": "absent",
            "calibrationId": "blake3:35546ed493457c8e01f63b1f8ec54a05ff0c8f26fcfc6ff388897f08d7609ac1",
            "coverage": 0.95,
            "sampleCount": 0,
            "minimumSamples": 20,
            "sourceBreakdown": {
              "jsonl": 0,
              "feedbackEvents": 0,
              "feedbackEventsMalformed": 0,
              "feedbackEventsReadStatus": "ok",
              "feedbackEventsUnavailableReason": null
            },
            "corruptRowCount": 0,
            "corruptLineNumbers": [],
            "residualQuantile": null,
            "unreadableReason": null,
            "provenance": {
              "jsonlHash": null,
              "jsonlPath": ".ee/search/calibration.jsonl",
              "feedbackEventIds": [],
              "feedbackEventIdsTruncated": false
            }
          },
          "scoreInterval": [
            0.0,
            1.0
          ],
          "source": "memory",
          "trust_class": "human_explicit",
          "trust_subclass": "search-ranking-golden",
          "valid_from": "2026-04-30T10:02:00+00:00",
          "validity_status": "current",
          "validity_window_kind": "starts_at",
          "workspace": "[WORKSPACE]"
        },
        "validFrom": "2026-04-30T10:02:00+00:00",
        "validityStatus": "current",
        "validityWindowKind": "starts_at",
        "explanation": {
          "summary": "Relevance 0.3630 from score 0.3630 (query_relative_pool_minmax) via lexical match (0.62). EE quality ranking 0.246339; original relevance and calibration are unchanged.",
          "factors": [
            {
              "name": "lexical",
              "value": 0.6179814,
              "contribution": "raw BM25 term matching before returned-pool normalization",
              "sourceField": "lexical_score",
              "formula": "score = minmax(lexical_score, returned_pool)"
            },
            {
              "name": "base",
              "value": 0.36304024,
              "contribution": "source-derived quality ranking component",
              "sourceField": "metadata.qualityScoring.components.base",
              "formula": "ranking_base = relevanceScore"
            },
            {
              "name": "recency",
              "value": 0.99727225,
              "contribution": "source-derived quality ranking component",
              "sourceField": "metadata.qualityScoring.components.recency",
              "formula": "max(recency_floor, exp(-age_days / recency_tau_days))"
            },
            {
              "name": "confidence",
              "value": 0.7,
              "contribution": "source-derived quality ranking component",
              "sourceField": "metadata.qualityScoring.components.confidence",
              "formula": "max(confidence_floor, confidence)"
            },
            {
              "name": "utility",
              "value": 0.81,
              "contribution": "source-derived quality ranking component",
              "sourceField": "metadata.qualityScoring.components.utility",
              "formula": "utility_floor + (1 - utility_floor) * utility"
            },
            {
              "name": "maturity",
              "value": 1.0,
              "contribution": "source-derived quality ranking component",
              "sourceField": "metadata.qualityScoring.components.maturity",
              "formula": "configured multiplier for the observed native maturity"
            },
            {
              "name": "harmfulPenalty",
              "value": 1.0,
              "contribution": "source-derived quality ranking component",
              "sourceField": "metadata.qualityScoring.components.harmfulPenalty",
              "formula": "max(harmful_penalty_floor, 1 - harmful_penalty_per_hit * harmful_count)"
            },
            {
              "name": "scopeMatch",
              "value": 1.2,
              "contribution": "source-derived quality ranking component",
              "sourceField": "metadata.qualityScoring.components.scopeMatch",
              "formula": "scope_match_bonus for an authoritative exact workspace/scope match"
            },
            {
              "name": "graphCentrality",
              "value": 1.0,
              "contribution": "neutral: signal unavailable or not observed",
              "sourceField": "metadata.qualityScoring.components.graphCentrality",
              "formula": "1 when graph centrality is not observed"
            },
            {
              "name": "redundancy",
              "value": 1.0,
              "contribution": "neutral: signal unavailable or not observed",
              "sourceField": "metadata.qualityScoring.components.redundancy",
              "formula": "1 when redundancy is not observed"
            },
            {
              "name": "freshnessDrift",
              "value": 1.0,
              "contribution": "neutral: signal unavailable or not observed",
              "sourceField": "metadata.qualityScoring.components.freshnessDrift",
              "formula": "1 when anchor freshness is not observed"
            },
            {
              "name": "qualityRanking",
              "value": 0.24633883,
              "contribution": "final EE quality ranking; engine relevance is unchanged",
              "sourceField": "metadata.qualityScoring.components.finalScore",
              "formula": "ranking = base * recency * confidence * utility * maturity * harmfulPenalty * scopeMatch; unobserved optional terms are neutral"
            }
          ]
        }
      }
    ],
    "consensus": [],
    "conflicts": [],
    "resultCount": 3,
    "elapsedMs": 0.0,
    "metrics": {
      "requestedLimit": 3,
      "returnedCount": 3,
      "errorCount": 0,
      "elapsedMs": 0.0,
      "sourceCounts": {
        "lexical": 3,
        "semanticFast": 0,
        "semanticQuality": 0,
        "hybrid": 0,
        "reranked": 0
      },
      "scoreDistribution": {
        "top": 1.0,
        "min": 0.36304,
        "max": 1.0,
        "mean": 0.662139
      },
      "fieldCoverage": {
        "fastScoreCount": 0,
        "qualityScoreCount": 0,
        "lexicalScoreCount": 3,
        "rerankScoreCount": 0,
        "metadataCount": 3,
        "explanationCount": 3
      },
      "relevanceFloor": 0.0,
      "candidatesAboveFloor": 3,
      "candidatesBelowFloor": 0,
      "qualityAssessment": "unknown",
      "honestQualityScore": null,
      "sourceModeRequested": "hybrid",
      "sourceModeApplied": "lexical_only",
      "fallbackApplied": true,
      "strictSourceMode": false,
      "memoryScope": "swarm",
      "strictScope": false
    },
    "rerank": {
      "schema": "ee.rerank_posture.v1",
      "mode": "fusion_only_degraded",
      "configured": "auto",
      "topK": 50,
      "rerankScoreCount": 0,
      "scoreKind": "rrf_fused",
      "available": false,
      "degradedCode": "rerank_model_unavailable",
      "advisory": {
        "code": "rerank_model_unavailable",
        "severity": "low",
        "permanent": true,
        "message": "No usable local reranker is registered. Search is using fusion-only ranking. Network download is unavailable, but a verified offline reranker artifact can be imported explicitly.",
        "repair": null,
        "resolution": "automatic_repair_unavailable"
      },
      "advisorySummary": {
        "scope": "process",
        "permanent": true,
        "distinctCount": 1,
        "emittedCount": 1,
        "suppressedCount": 0,
        "sessionOccurrenceCount": 1,
        "sessionSuppressedCount": 0
      }
    },
    "profileRuntime": {
      "schema": "ee.profile.runtime.v1",
      "activeProfile": "swarm",
      "source": "golden_fixture",
      "budgets": {
        "search": {
          "candidateLimit": 240,
          "concurrentIndexReaders": 8,
          "staleIndexTolerance": "repair_hint"
        },
        "pack": {
          "maxTokens": 8000,
          "maxCandidateMemories": 160,
          "explanationVerbosity": "full"
        },
        "cache": {
          "memoryCapMb": 2048,
          "entryCap": 8192,
          "hotsetPrewarmLimit": 512
        },
        "writeSpool": {
          "queueCap": 8192,
          "batchCap": 256,
          "retryBudget": 12
        },
        "steward": {
          "maintenanceWindowMs": 5000,
          "graphRefreshBudget": 4096,
          "daemonPrewarm": true
        },
        "verification": {
          "recipe": "full",
          "targetDirPosture": "isolated",
          "timeoutClass": "extended",
          "heavyStrategy": "rch_default"
        },
        "diagnostics": {
          "supportBundleProfile": "full",
          "redaction": "policy_applied"
        }
      }
    },
    "errors": [],
    "degraded": [
      {
        "code": "embed_model_unavailable",
        "severity": "warning",
        "message": "Embedding model unavailable (active embedder source frankensearch_hash_fallback reports semantic=false); semantic similarity is disabled and lexical search remains available.",
        "repair": "ee index reembed --workspace .",
        "sources": [
          "search"
        ],
        "details": {
          "recovery": [
            {
              "priority": 1,
              "kind": "rebuild",
              "rationale": "The embedder model is unloadable; re-embed forces a fresh initialization.",
              "riskClass": "idempotent_refresh",
              "requiresHumanApproval": false,
              "mutatesExternalState": false,
              "mutatesTrackerState": false,
              "privacyClass": "bounded_command_no_raw_state",
              "evidence": [
                "derived_asset_refresh_command"
              ],
              "preconditions": [
                "workspace_must_be_explicit",
                "toolchain_or_feature_profile_must_match_request"
              ],
              "command": "ee index reembed --workspace .",
              "resultsIn": "Rebuilds the embedding index against the current embed-fast feature and model configuration."
            },
            {
              "priority": 2,
              "kind": "rebuild",
              "rationale": "If this binary was built without the dense embedder, rebuild with the supported embed-fast feature.",
              "riskClass": "mutating_local_repair",
              "requiresHumanApproval": false,
              "mutatesExternalState": false,
              "mutatesTrackerState": false,
              "privacyClass": "bounded_command_no_raw_state",
              "evidence": [
                "local_toolchain_or_install_command"
              ],
              "preconditions": [
                "use_rch_for_cargo_when_applicable",
                "toolchain_or_feature_profile_must_match_request"
              ],
              "command": "cargo build --features embed-fast"
            }
          ],
          "modelId": "EE_EMBED_MODEL_PATH",
          "featureFlag": "embed-fast",
          "lexicalAvailable": true
        }
      }
    ],
    "resultPath": "data.results"
  },
  "degraded": [
    {
      "code": "embed_model_unavailable",
      "severity": "warning",
      "message": "Embedding model unavailable (active embedder source frankensearch_hash_fallback reports semantic=false); semantic similarity is disabled and lexical search remains available.",
      "repair": "ee index reembed --workspace .",
      "sources": [
        "search"
      ],
      "details": {
        "recovery": [
          {
            "priority": 1,
            "kind": "rebuild",
            "rationale": "The embedder model is unloadable; re-embed forces a fresh initialization.",
            "riskClass": "idempotent_refresh",
            "requiresHumanApproval": false,
            "mutatesExternalState": false,
            "mutatesTrackerState": false,
            "privacyClass": "bounded_command_no_raw_state",
            "evidence": [
              "derived_asset_refresh_command"
            ],
            "preconditions": [
              "workspace_must_be_explicit",
              "toolchain_or_feature_profile_must_match_request"
            ],
            "command": "ee index reembed --workspace .",
            "resultsIn": "Rebuilds the embedding index against the current embed-fast feature and model configuration."
          },
          {
            "priority": 2,
            "kind": "rebuild",
            "rationale": "If this binary was built without the dense embedder, rebuild with the supported embed-fast feature.",
            "riskClass": "mutating_local_repair",
            "requiresHumanApproval": false,
            "mutatesExternalState": false,
            "mutatesTrackerState": false,
            "privacyClass": "bounded_command_no_raw_state",
            "evidence": [
              "local_toolchain_or_install_command"
            ],
            "preconditions": [
              "use_rch_for_cargo_when_applicable",
              "toolchain_or_feature_profile_must_match_request"
            ],
            "command": "cargo build --features embed-fast"
          }
        ],
        "modelId": "EE_EMBED_MODEL_PATH",
        "featureFlag": "embed-fast",
        "lexicalAvailable": true
      }
    }
  ]
}
