{
  "schema": "ee.response.v1",
  "success": false,
  "data": {
    "command": "preflight close",
    "code": "preflight_evidence_unavailable",
    "severity": "warning",
    "message": "Preflight risk briefs are unavailable until preflight commands are backed by persisted evidence matches and stored run records instead of task-text heuristics.",
    "repair": "ee status --json",
    "degraded": [
      {
        "code": "preflight_evidence_unavailable",
        "severity": "warning",
        "message": "Preflight risk briefs are unavailable until preflight commands are backed by persisted evidence matches and stored run records instead of task-text heuristics.",
        "repair": "ee status --json"
      }
    ],
    "evidenceIds": [],
    "sourceIds": [],
    "followUpBead": "eidetic_engine_cli-bijm",
    "sideEffectClass": "conservative abstention; no preflight run, risk brief, or feedback ledger mutation"
  }
}
