{"schema":"ee.claim_verify.v1","success":false,"data":{"command":"claim verify","claimId":"claim_release_context_demo","verifyAll":false,"claimsFile":"fixtures/claims.yaml","artifactsDir":"fixtures/artifacts/claim_release_context_demo","totalClaims":1,"verifiedCount":0,"failedCount":1,"skippedCount":0,"failFast":true,"results":[{"claimId":"claim_release_context_demo","status":"failing","artifactsChecked":3,"artifactsPassed":1,"artifactsFailed":2,"errors":["artifact_not_found: artifacts/stdout.json","stale_payload_hash: artifacts/benchmark.json","hash_mismatch: artifacts/manifest.json"]}]}}
