{"schema":"ee.claim_verify.v1","success":true,"data":{"command":"claim verify","claimId":"claim_release_context_demo","verifyAll":false,"claimsFile":"fixtures/claims.yaml","artifactsDir":"fixtures/artifacts/claim_release_context_demo","totalClaims":1,"verifiedCount":1,"failedCount":0,"skippedCount":0,"failFast":true,"results":[{"claimId":"claim_release_context_demo","status":"passing","artifactsChecked":3,"artifactsPassed":3,"artifactsFailed":0}]}}
