{"schema":"ee.response.v1","success":false,"fields":"standard","data":{"command":"doctor","version":"0.1.0","healthy":false,"checks":[{"name":"runtime","severity":"ok","message":"Asupersync runtime is available."},{"name":"workspace","severity":"warning","message":"No workspace specified. Use --workspace or run from a workspace directory."},{"name":"database","severity":"warning","message":"Database subsystem is not yet implemented."},{"name":"search_index","severity":"warning","message":"Search index subsystem is not yet implemented."},{"name":"cass","severity":"ok","message":"CASS binary discovery is available."}]}}
