{"schema":"ee.audit.timeline.v1","entries":[{"id":"audit_golden_000000000000000001","timestamp":"2026-05-06T13:00:00Z","actor":"cod_2","surface":"memory","mutation_kind":"memory.create","before_hash":null,"after_hash":"blake3:audit_golden_000000000000000001:after","prev_row_hash":null,"this_row_hash":"blake3:row-1","workspace_id":"wsp_auditgolden0000000000001","target_type":"memory","target_id":"memory_auditgolden0000000001","details":{"source":"golden"}}],"pagination":{"total_count":1,"returned_count":1,"has_more":false,"next_cursor":null}}
