{
  "schema": "ee.response.v1",
  "success": true,
  "data": {
    "schema": "ee.swarm_next_action.v1",
    "workspace": "/repo",
    "redactionStatus": "counts_ids_statuses_paths_redacted_no_mail_body_no_file_content",
    "inputs": {
      "sourceCount": 6,
      "readyBeadCount": 1,
      "inProgressBeadCount": 1,
      "blockedBeadCount": 0,
      "bvTopPickCount": 1
    },
    "candidates": [
      {
        "id": "bd-rch",
        "title": "Source-only slice while RCH is saturated",
        "source": "bv_top_pick",
        "scoreMilli": 700,
        "status": "open",
        "priority": 2,
        "assignee": null,
        "blockedBy": [],
        "blockedByCompileHealth": false,
        "actionHint": "Pick source-only work until remote slots clear"
      }
    ],
    "coordination": {
      "activeReservationCount": 1,
      "reservationHolders": ["GoldenCompass"],
      "unreadInboxCount": 0,
      "ackRequiredCount": 0
    },
    "checkout": {
      "dirtyPathCount": 0,
      "dirtyPaths": []
    },
    "compileHealth": {
      "safeToLaunchRch": true,
      "blockerCount": 0,
      "blockers": [],
      "recommendedAlternativeWork": [
        "launch_rch_when_other_verification_inputs_are_ready"
      ]
    },
    "verification": {
      "rchSourceEnabled": true,
      "remoteOnlyRequired": true,
      "remoteOnlySafe": false,
      "healthyWorkerCount": 1,
      "activeRemoteBuildCount": 4,
      "queuedRemoteBuildCount": 0,
      "slotsAvailable": 0,
      "queueHeadSlotsNeeded": null,
      "queueStatus": "saturated"
    },
    "environment": {
      "cargoTargetExternalized": true,
      "tmpdirExternalized": true,
      "externalAgentSpacePresent": true,
      "diskPressureHintCount": 0
    },
    "degraded": []
  },
  "degraded": []
}
