{
  "schema": "ee.response.v2",
  "success": true,
  "data": {
    "schema": "ee.swarm_next_action.v1",
    "workspace": "/repo",
    "redactionStatus": "counts_ids_statuses_paths_redacted_no_mail_body_no_file_content",
    "inputs": {
      "sourceCount": 6,
      "readyBeadCount": 1,
      "inProgressBeadCount": 1,
      "blockedBeadCount": 0,
      "bvTopPickCount": 1
    },
    "candidates": [
      {
        "id": "bd-rch",
        "title": "Source-only slice while RCH is saturated",
        "source": "bv_top_pick",
        "scoreMilli": 700,
        "status": "open",
        "priority": 2,
        "assignee": null,
        "blockedBy": [],
        "blockedByCompileHealth": false,
        "actionHint": "Pick source-only work until remote slots clear"
      }
    ],
    "recommendationCards": [
      {
        "cardId": "refine_existing_bead:bd-rch",
        "candidateId": "bd-rch",
        "candidateSource": "bv_top_pick",
        "candidateSummary": "Source-only slice while RCH is saturated",
        "decision": "refine_existing_bead",
        "confidence": "medium",
        "scoreInputs": [
          {
            "name": "blocked_by_compile_health",
            "value": "false"
          },
          {
            "name": "blocked_by_count",
            "value": "0"
          },
          {
            "name": "bv_score_milli",
            "value": "700"
          },
          {
            "name": "priority",
            "value": "2"
          },
          {
            "name": "rank_milli",
            "value": "1225"
          },
          {
            "name": "source_rank",
            "value": "0"
          },
          {
            "name": "status",
            "value": "open"
          }
        ],
        "suggestedReservations": [
          {
            "pathPattern": ".beads/issues.jsonl",
            "exclusive": true,
            "reason": "claim_and_close_tracker_state"
          }
        ],
        "doNotTakeBecause": [],
        "overlap": {
          "decision": "refine_existing_bead",
          "queries": [
            "bead_id:bd-rch",
            "source:bv_top_pick",
            "title:Source-only slice while RCH is saturated"
          ],
          "matchedExistingBeads": [
            "bd-rch"
          ],
          "rejectedDuplicateReason": null,
          "selectedRelation": "existing_bead"
        },
        "proofObligations": [
          "preserve_bv_reasoning_in_beads_comment",
          "record_overlap_decision_in_closeout",
          "reserve_files_before_editing",
          "use_rch_for_cargo_verification"
        ],
        "evidenceCaveats": [
          "remote_only_rch_not_safe"
        ],
        "fallbackDecision": null
      }
    ],
    "staleWorkProposals": [],
    "coordination": {
      "activeReservationCount": 1,
      "reservationHolders": ["GoldenCompass"],
      "unreadInboxCount": 0,
      "ackRequiredCount": 0
    },
    "checkout": {
      "dirtyPathCount": 0,
      "dirtyPaths": []
    },
    "compileHealth": {
      "safeToLaunchRch": true,
      "blockerCount": 0,
      "blockers": [],
      "recommendedAlternativeWork": [
        "launch_rch_when_other_verification_inputs_are_ready"
      ]
    },
    "verification": {
      "rchSourceEnabled": true,
      "remoteOnlyRequired": true,
      "remoteOnlySafe": false,
      "healthyWorkerCount": 1,
      "activeRemoteBuildCount": 4,
      "queuedRemoteBuildCount": 0,
      "slotsAvailable": 0,
      "queueHeadSlotsNeeded": null,
      "activeBuildMaxAgeSeconds": null,
      "headOfLineBlocked": null,
      "queueRecommendation": "wait_for_remote_capacity",
      "queueStatus": "saturated",
      "queueEvidence": [
        "active_remote_build_count:4",
        "queued_remote_build_count:0",
        "queue_status:saturated",
        "slots_available:0"
      ],
      "admissionCertificate": {
        "schema": "ee.swarm_next_action.rch_admission_certificate.v1",
        "action": "wait",
        "ruleId": "rch_admission.no_remote_capacity",
        "confidence": "high",
        "serviceClass": "cargo_verifier",
        "serviceTimeClass": "long",
        "serviceTimeIntervalMs": {
          "lower": 300000,
          "upper": 1800000
        },
        "queueRiskClass": "high",
        "predictorCoverage": "missing",
        "predictorMode": "fallback",
        "conservativeReason": "missing_history",
        "evidence": [
          "active_remote_build_count:4",
          "queued_remote_build_count:0",
          "queue_status:saturated",
          "slots_available:0"
        ],
        "assumptions": [
          "remote_cargo_is_required_for_build_or_test_work",
          "certificate_is_advisory_and_never_mutates_rch_state",
          "zero_free_slots_means_new_remote_work_extends_queue_delay"
        ],
        "proofObligations": [
          "do_not_launch_duplicate_verifier_without_capacity_evidence",
          "record_admission_decision_in_closeout",
          "wait_or_batch_remote_verification"
        ],
        "safetyInvariant": "monotonic_queue_pressure_never_increases_aggression"
      }
    },
    "environment": {
      "cargoTargetExternalized": true,
      "tmpdirExternalized": true,
      "externalAgentSpacePresent": true,
      "diskPressureHintCount": 0
    },
    "degraded": []
  },
  "degraded": []
}
