schema: ee.response.v1
success: false
data:
  command: check
  version: 0.1.0
  posture: needs_attention
  workspaceInitialized: true
  databaseReady: false
  searchReady: false
  runtimeReady: true
  suggestedActions[1]{priority,command,reason}:
    2,ee doctor --json,Run diagnostics to identify database issues.
