schema: ee.response.v1
success: true
data:
  command: check
  version: 0.1.0
  posture: degraded
  workspaceInitialized: true
  databaseReady: true
  searchReady: false
  runtimeReady: true
  suggestedActions[1]{priority,command,reason}:
    3,ee index status --workspace . --json,Inspect search index readiness before rebuilding.
