{"schema":"ee.situation.compare.v1","command":"situation compare","dryRun":true,"source":{"situationId":"sit.release_bug","text":"fix failing release workflow","category":"bug_fix","confidence":"low","confidenceScore":0.49,"signalPatterns":["fail","fix"],"alternativeCategories":["deployment"]},"target":{"situationId":"sit.login_bug","text":"fix broken login crash","category":"bug_fix","confidence":"low","confidenceScore":0.49,"signalPatterns":["broken","crash","fix"],"alternativeCategories":[]},"relation":"similar","confidence":"low","confidenceScore":0.4,"recommended":false,"overlap":{"signalPatterns":["fix"],"alternativeCategories":[],"routingTargets":[]},"evidenceIds":["feat.shared.fix"],"reasons":["both situations classify as bug_fix","shared signal pattern(s): fix","heuristic tags are not sufficient evidence for automatic situation link recommendation","score 0.400 stays below dry-run link recommendation threshold 0.450"]}
