{
  "schema": "ee.response.v1",
  "success": true,
  "data": {
    "command": "status",
    "capabilities": {
      "runtime": "ready",
      "storage": "ready",
      "search": "degraded",
      "agentDetection": "ready"
    },
    "memoryHealth": {
      "status": "healthy"
    },
    "curationHealth": {
      "status": "not_inspected"
    },
    "feedbackHealth": {
      "status": "healthy",
      "nextDeterministicAction": "monitor harmful feedback rates"
    },
    "derivedAssets": [
      {
        "name": "search_index",
        "kind": "persisted_index",
        "status": "stale",
        "sourceHighWatermark": 5,
        "assetHighWatermark": 3,
        "highWatermarkLag": 2,
        "path": ".ee/index",
        "repair": "ee index rebuild --workspace ."
      },
      {
        "name": "graph_snapshot_artifact",
        "kind": "persisted_snapshot",
        "status": "empty",
        "sourceHighWatermark": 0,
        "assetHighWatermark": null,
        "highWatermarkLag": 0,
        "path": ".ee/graph",
        "lastBuiltAt": null,
        "memoryGraph": {
          "nodeCount": 0,
          "edgeCount": 0,
          "generation": 0,
          "matchesDbGeneration": false,
          "availability": "live_compute_available"
        },
        "repair": "ee graph centrality-refresh --workspace ."
      }
    ],
    "degraded": [
      {
        "code": "search_index_degraded",
        "severity": "medium",
        "message": "Search is compiled but the selected workspace index is missing, stale, corrupt, or unreadable.",
        "repair": "Run `ee index status --workspace . --json`."
      }
    ]
  }
}
