{"schema":"ee.response.v1","success":true,"data":{"run_id": "cfr_NORMALIZED","episode_id":"ep_golden_test","status":"analyzed","observedPackHash": "blake3:NORMALIZED","counterfactualPackHash": "blake3:NORMALIZED","changedItems":["synthetic_memory_1:helpful context"],"confidenceState":"hypothesis_replay_supported","assumptions":["replay uses frozen episode inputs","wouldHaveSurfaced means the item entered the pack, not guaranteed behavior change"],"degradationCodes":[],"nextAction":"validate generated curation candidates, then apply explicitly","durableMutation":false,"curationCandidates":[{"candidate_id": "cand_NORMALIZED","intervention_type":"add","requires_validate":true,"requires_apply":true,"applied":false}],"claimStatus":"hypothesis","wouldHaveSurfaced":true,"surfacedItemIds":["synthetic_memory_1:helpful context"],"interventions_applied":1,"regret_entries":1,"regretKinds":["missed"],"confidence":0.75,"outcome_changed":true,"dry_run":false,"analyzed_at": "TIMESTAMP"}}
