{
  "schema": "ee.lab.regret_report.v1",
  "episode_id": "ep_golden_test",
  "regret_entries": [
    {
      "id": "reg_NORMALIZED",
      "episode_id": "ep_golden_test",
      "intervention_type": "add",
      "regret_kind": "missed",
      "memory_id": null,
      "would_have_surfaced": true,
      "would_have_changed": true,
      "confidence": 0.75,
      "explanation": "Intervention 1 would have changed outcome"
    },
    {
      "id": "reg_NORMALIZED",
      "episode_id": "ep_golden_test",
      "intervention_type": "strengthen",
      "regret_kind": "stale",
      "memory_id": "mem_stale",
      "would_have_surfaced": true,
      "would_have_changed": true,
      "confidence": 0.75,
      "explanation": "Intervention 2 would have changed outcome"
    },
    {
      "id": "reg_NORMALIZED",
      "episode_id": "ep_golden_test",
      "intervention_type": "remove",
      "regret_kind": "noisy",
      "memory_id": "mem_noisy",
      "would_have_surfaced": true,
      "would_have_changed": true,
      "confidence": 0.75,
      "explanation": "Intervention 3 would have changed outcome"
    },
    {
      "id": "reg_NORMALIZED",
      "episode_id": "ep_golden_test",
      "intervention_type": "weaken",
      "regret_kind": "harmful",
      "memory_id": "mem_harmful",
      "would_have_surfaced": true,
      "would_have_changed": true,
      "confidence": 0.75,
      "explanation": "Intervention 4 would have changed outcome"
    },
    {
      "id": "reg_NORMALIZED",
      "episode_id": "ep_golden_test",
      "intervention_type": "add",
      "regret_kind": "overfit_policy",
      "memory_id": null,
      "would_have_surfaced": true,
      "would_have_changed": true,
      "confidence": 0.75,
      "explanation": "Intervention 5 would have changed outcome"
    }
  ]
}
