{"fields":{"actual":"","bead_id":"bd-3usjw.55","expected":"","fixture_name":"minimal_fixture","message":"created fixture workspace","phase":"setup","test_name":"test_tracing_helper_emits_normalized_jsonl_contract"},"level":"INFO","target":"ee.test_tracing","timestamp":"[TIMESTAMP]"}
{"fields":{"actual":"status --json","bead_id":"bd-3usjw.55","expected":"","fixture_name":"minimal_fixture","message":"ran command under trace","phase":"exercise","test_name":"test_tracing_helper_emits_normalized_jsonl_contract"},"level":"INFO","target":"ee.test_tracing","timestamp":"[TIMESTAMP]"}
{"fields":{"actual":"ee.response.v1","bead_id":"bd-3usjw.55","expected":"ee.response.v1","fixture_name":"minimal_fixture","message":"schema matched","phase":"verify","test_name":"test_tracing_helper_emits_normalized_jsonl_contract"},"level":"INFO","target":"ee.test_tracing","timestamp":"[TIMESTAMP]"}
{"fields":{"actual":"","bead_id":"bd-3usjw.55","expected":"","fixture_name":"minimal_fixture","message":"removed temp workspace","phase":"teardown","test_name":"test_tracing_helper_emits_normalized_jsonl_contract"},"level":"INFO","target":"ee.test_tracing","timestamp":"[TIMESTAMP]"}
