{
  "schema": "ee.doctor.capabilities.v1",
  "doctor_version": "[CARGO_PKG_VERSION]",
  "doctor_contract_version": "1.0.0",
  "tool_version": "[CARGO_PKG_VERSION]",
  "run_artifact_schema": "ee.doctor.run_state.v2",
  "blast_radius": [
    "[WORKSPACE]/.ee",
    "[WORKSPACE]/.doctor",
    "[HOME]/.local/share/ee"
  ],
  "op_kinds": [
    "write_file",
    "create_dir_all",
    "chmod",
    "quarantine_by_rename",
    "manual",
    "emit_diagnostic",
    "run_index_rebuild",
    "run_graph_refresh",
    "run_wal_checkpoint",
    "run_migration",
    "rewrite_jsonl",
    "atomic_rewrite_toml",
    "snapshot_backup"
  ],
  "exit_codes": [
    {
      "code": 0,
      "name": "ok",
      "meaning": "no findings, or all fixes applied successfully"
    },
    {
      "code": 1,
      "name": "usage",
      "meaning": "command-line usage or argument validation failed"
    },
    {
      "code": 2,
      "name": "configuration",
      "meaning": "configuration, concurrency, or no-op precondition prevented the operation"
    },
    {
      "code": 3,
      "name": "storage",
      "meaning": "doctor storage, ledger, backup, or state restoration failed"
    },
    {
      "code": 4,
      "name": "search_index",
      "meaning": "search index operation failed"
    },
    {
      "code": 5,
      "name": "import",
      "meaning": "import operation failed"
    },
    {
      "code": 6,
      "name": "unsatisfied_degraded_mode",
      "meaning": "the requested operation cannot proceed in the current degraded mode"
    },
    {
      "code": 7,
      "name": "policy_denied",
      "meaning": "blast-radius or another safety policy denied the operation"
    },
    {
      "code": 8,
      "name": "migration_required",
      "meaning": "doctor refuses because `ee migrate run` is needed first"
    }
  ],
  "env_vars": [
    {
      "name": "EE_DOCTOR_BLAST_RADIUS",
      "purpose": "Override default blast radius (colon-separated abs paths)"
    },
    {
      "name": "EE_NO_COLOR",
      "purpose": "Disables ANSI styling on stderr (inherited from ee)"
    }
  ],
  "action_line_schema": "ee.doctor.action.v1"
}
