{
  "schema": "ee.response.v2",
  "success": true,
  "degraded": [
    {
      "code": "graph_snapshot_not_included",
      "severity": "warning",
      "message": "graph snapshots and graph algorithm cache rows are not included in this backup",
      "sources": [
        "backup_export"
      ]
    },
    {
      "code": "index_manifest_missing",
      "severity": "warning",
      "message": "no workspace index manifest was found; backup includes the durable JSONL source of truth only",
      "sources": [
        "backup_export"
      ]
    }
  ],
  "data": {
    "schema": "ee.export.report.v1",
    "command": "export",
    "version": "<VERSION>",
    "status": "completed",
    "dryRun": false,
    "workspacePath": "<WORKSPACE>",
    "workspaceId": "<WORKSPACE_ID>",
    "databasePath": "<DATABASE>",
    "outputPath": "<EXPORT_DIR>",
    "manifestPath": "<MANIFEST>",
    "recordsPath": "<RECORDS>",
    "manifestHash": "<MANIFEST_HASH>",
    "recordsHash": "<RECORDS_HASH>",
    "redactionLevel": "standard",
    "exportScope": "all",
    "counts": {
      "totalRecords": 6,
      "memoryRecords": 1,
      "linkRecords": 0,
      "tagRecords": 0,
      "auditRecords": 2
    },
    "provenance": {
      "source": "backup_jsonl_export",
      "backupSchema": "ee.backup.create.v1",
      "backupId": "<BACKUP_ID>"
    },
    "verificationStatus": "verified",
    "artifacts": [
      {
        "path": "records.jsonl",
        "kind": "jsonl_export",
        "hash": "<ARTIFACT_HASH>",
        "sizeBytes": 0,
        "required": true
      },
      {
        "path": "manifest.json",
        "kind": "manifest",
        "hash": "<ARTIFACT_HASH>",
        "sizeBytes": 0,
        "required": true
      }
    ],
    "degraded": [
      {
        "code": "graph_snapshot_not_included",
        "severity": "warning",
        "message": "graph snapshots and graph algorithm cache rows are not included in this backup",
        "nextAction": "rerun backup create with --include-graph-cache",
        "sources": [
          "backup_export"
        ]
      },
      {
        "code": "index_manifest_missing",
        "severity": "warning",
        "message": "no workspace index manifest was found; backup includes the durable JSONL source of truth only",
        "nextAction": "run ee index rebuild --workspace . before creating a backup that must include derived index metadata",
        "sources": [
          "backup_export"
        ]
      }
    ],
    "redaction": {
      "level_applied": "standard",
      "level_source": "cli",
      "fields_redacted": [],
      "patterns_matched": []
    }
  }
}
