---
source: tests/contracts/graph_config_behavior.rs
expression: value
---
{
  "schema": "ee.graph.config_behavior.v1",
  "surface": "graph.health.contradiction_threshold",
  "permissiveThreshold": 0.5,
  "strictThreshold": 0.75,
  "permissiveClusterCount": 1,
  "strictClusterCount": 0,
  "boundaryCluster": {
    "size": 3,
    "internalContradictions": 2,
    "densityPpm": 666667,
    "severity": "incoherent",
    "exemplars": [
      "mem_a",
      "mem_b",
      "mem_c"
    ]
  }
}
