---
source: tests/contracts/graph_config_behavior.rs
expression: value
---
{
  "schema": "ee.graph.config_behavior.v1",
  "surface": "graph.ppr.alpha",
  "legacyAlpha": 0.0,
  "defaultAlpha": 0.3,
  "strongAlpha": 0.9,
  "legacyJsonStable": true,
  "legacyDiffersFromDefault": true,
  "defaultDiffersFromStrong": true
}
