---
source: tests/json_contract_snapshots.rs
expression: doctor
---
{
  "data": {
    "advisories": [
      {
        "message": "CASS binary not found in trusted locations.",
        "name": "cass",
        "severity": "warning",
        "tier": "advisory"
      }
    ],
    "checks": [
      {
        "message": "Asupersync runtime initialized successfully.",
        "name": "runtime",
        "severity": "ok",
        "tier": "core"
      },
      {
        "message": "Workspace inspected at [WORKSPACE].",
        "name": "workspace",
        "severity": "ok",
        "tier": "core"
      },
      {
        "message": "Database opened and schema is current at [DATABASE].",
        "name": "database",
        "severity": "ok",
        "tier": "core"
      },
      {
        "message": "Search index is ready at [INDEX].",
        "name": "search_index",
        "severity": "ok",
        "tier": "core"
      },
      {
        "message": "CASS binary not found in trusted locations.",
        "name": "cass",
        "severity": "warning",
        "tier": "advisory"
      }
    ],
    "command": "doctor",
    "healthy": true,
    "posture": "ok",
    "version": "0.1.0"
  },
  "fields": "standard",
  "schema": "ee.response.v2",
  "success": true
}
