---
source: tests/json_contract_snapshots.rs
expression: status
---
{
  "data": {
    "agentInventory": {
      "degraded": [],
      "formatVersion": 1,
      "inspectionCommand": "ee agent status --json",
      "schema": "ee.agent.status.v1",
      "status": "not_inspected",
      "summary": {
        "detectedCount": 0,
        "totalCount": 23
      }
    },
    "capabilities": {
      "agentDetection": "ready",
      "output": {
        "toon": "ready"
      },
      "runtime": "ready",
      "search": "ready",
      "storage": "ready"
    },
    "command": "status",
    "curationHealth": {
      "acceptedCount": 0,
      "autoPromoteEnabledCount": 0,
      "blockedCount": 0,
      "dueCount": 0,
      "escalationCount": 0,
      "meanReviewLatencyDays": null,
      "nextScheduledAt": null,
      "oldestPendingAgeDays": null,
      "pendingCount": 0,
      "policyCount": 4,
      "promptCount": 0,
      "rejectedCount": 0,
      "snoozedCount": 0,
      "status": "empty",
      "totalCount": 0
    },
    "degraded": [],
    "derivedAssets": [
      {
        "assetHighWatermark": 1,
        "highWatermarkLag": 0,
        "kind": "persisted_index",
        "name": "search_index",
        "path": ".ee/index",
        "sourceHighWatermark": 1,
        "status": "current"
      },
      {
        "assetHighWatermark": null,
        "highWatermarkLag": 0,
        "kind": "persisted_snapshot",
        "lastBuiltAt": null,
        "memoryGraph": {
          "availability": "live_compute_available",
          "edgeCount": 0,
          "generation": 0,
          "matchesDbGeneration": false,
          "nodeCount": 0
        },
        "name": "graph_snapshot_artifact",
        "path": ".ee/graph",
        "sourceHighWatermark": 0,
        "status": "empty"
      }
    ],
    "feedbackHealth": {
      "harmfulBurstWindowSeconds": 3600,
      "harmfulPerSourcePerHour": 5,
      "lastInversionEvent": null,
      "nextDeterministicAction": "monitor harmful feedback rates",
      "perSourceHarmfulCounts": [],
      "protectedRuleCount": 0,
      "quarantineQueueDepth": 0,
      "status": "healthy"
    },
    "graphCompute": {
      "availableAlgorithms": [
        "pagerank",
        "betweenness",
        "hits",
        "louvain",
        "communities",
        "k_core",
        "articulation",
        "path",
        "explain_link",
        "centrality_refresh",
        "feature_enrichment",
        "neighborhood"
      ],
      "fnxRuntimeVersion": "0.1.0",
      "lastUsedAt": null,
      "liveComputeSupported": true,
      "status": "available"
    },
    "graphSnapshotArtifact": {
      "lastBuiltAt": null,
      "memoryGraph": {
        "availability": "live_compute_available",
        "edgeCount": 0,
        "generation": 0,
        "matchesDbGeneration": false,
        "nodeCount": 0
      },
      "nextRefreshVia": "ee graph centrality-refresh --workspace .",
      "snapshotGeneration": null,
      "snapshotPath": null,
      "status": "empty"
    },
    "memoryHealth": {
      "activeCount": 1,
      "averageConfidence": 0.92,
      "healthScore": 0.92,
      "provenanceCoverage": 1.0,
      "scoreComponents": {
        "activeRatio": 1.0,
        "confidenceScore": 0.92,
        "freshnessScore": 0,
        "provenanceScore": 1.0,
        "sourcedFrom": "decay_v1",
        "tombstonePenalty": 0.0
      },
      "staleCount": 0,
      "status": "healthy",
      "tombstonedCount": 0,
      "totalCount": 1
    },
    "posture": {
      "overall": "ok",
      "subsystems": [
        {
          "checksPassed": 1,
          "fallback": null,
          "id": "runtime",
          "reason": null,
          "status": "ok"
        },
        {
          "checksPassed": 1,
          "fallback": null,
          "id": "storage",
          "reason": null,
          "status": "ok"
        },
        {
          "checksPassed": 1,
          "fallback": null,
          "id": "search",
          "reason": null,
          "status": "ok"
        },
        {
          "checksPassed": 1,
          "fallback": null,
          "id": "memory",
          "reason": null,
          "status": "ok"
        },
        {
          "checksPassed": 1,
          "fallback": null,
          "id": "graph_compute",
          "reason": null,
          "status": "ok"
        },
        {
          "checksPassed": 1,
          "fallback": null,
          "id": "pack",
          "reason": null,
          "status": "ok"
        },
        {
          "checksPassed": 1,
          "fallback": null,
          "id": "curate",
          "reason": null,
          "status": "ok"
        },
        {
          "checksPassed": 1,
          "fallback": null,
          "id": "feedback",
          "reason": null,
          "status": "ok"
        },
        {
          "checksPassed": 1,
          "fallback": null,
          "id": "maintenance",
          "reason": null,
          "status": "ok"
        },
        {
          "checksPassed": 1,
          "fallback": null,
          "id": "agent_detection",
          "reason": null,
          "status": "ok"
        }
      ],
      "thisOperation": {
        "degradationsApplied": [],
        "status": "ok",
        "subsystemsSkipped": [
          "pack"
        ],
        "subsystemsUsed": [
          "runtime",
          "storage",
          "search",
          "memory",
          "graph_compute",
          "curate",
          "feedback",
          "maintenance",
          "agent_detection"
        ]
      }
    },
    "runtime": {
      "asyncBoundary": "core",
      "engine": "asupersync",
      "profile": "current_thread",
      "workerThreads": 1
    },
    "version": "0.1.0",
    "workspace": {
      "canonicalRoot": "[WORKSPACE]",
      "configDir": "[WORKSPACE]/.ee",
      "diagnostics": [
        {
          "code": "workspace_selected_differs_from_discovered",
          "conflictingRoot": "[REPO]",
          "conflictingSource": "discovered",
          "message": "The selected workspace differs from the nearest initialized workspace discovered from the current directory.",
          "repair": "Confirm --workspace/EE_WORKSPACE before running mutating commands.",
          "selectedRoot": "[WORKSPACE]",
          "selectedSource": "explicit",
          "severity": "warning"
        }
      ],
      "fingerprint": "[HASH]",
      "markerPresent": true,
      "repositoryFingerprint": null,
      "repositoryRoot": null,
      "root": "[WORKSPACE]",
      "scopeKind": "standalone",
      "source": "explicit",
      "subprojectPath": null
    }
  },
  "fields": "standard",
  "schema": "ee.response.v1",
  "success": true
}
