---
source: tests/json_contract_snapshots.rs
expression: search
---
{
  "data": {
    "command": "search",
    "conflicts": [],
    "consensus": [],
    "degraded": [
      {
        "code": "embed_model_unavailable",
        "details": {
          "featureFlag": "embed-fast",
          "lexicalAvailable": true,
          "modelId": "EE_EMBED_MODEL_PATH",
          "recovery": [
            {
              "command": "ee index reembed --workspace .",
              "evidence": [
                "derived_asset_refresh_command"
              ],
              "kind": "rebuild",
              "mutatesExternalState": false,
              "mutatesTrackerState": false,
              "preconditions": [
                "workspace_must_be_explicit",
                "toolchain_or_feature_profile_must_match_request"
              ],
              "priority": 1,
              "privacyClass": "bounded_command_no_raw_state",
              "rationale": "The embedder model is unloadable; re-embed forces a fresh initialization.",
              "requiresHumanApproval": false,
              "resultsIn": "Rebuilds the embedding index against the current embed-fast feature and model configuration.",
              "riskClass": "idempotent_refresh"
            },
            {
              "command": "cargo build --features embed-fast",
              "evidence": [
                "local_toolchain_or_install_command"
              ],
              "kind": "rebuild",
              "mutatesExternalState": false,
              "mutatesTrackerState": false,
              "preconditions": [
                "use_rch_for_cargo_when_applicable",
                "toolchain_or_feature_profile_must_match_request"
              ],
              "priority": 2,
              "privacyClass": "bounded_command_no_raw_state",
              "rationale": "If this binary was built without the dense embedder, rebuild with the supported embed-fast feature.",
              "requiresHumanApproval": false,
              "riskClass": "mutating_local_repair"
            }
          ]
        },
        "message": "Embedding model unavailable (active embedder source frankensearch_hash_fallback reports semantic=false); semantic similarity is disabled and lexical search remains available.",
        "repair": "ee index reembed --workspace .",
        "severity": "warning",
        "sources": [
          "search"
        ]
      },
      {
        "code": "rerank_model_unavailable",
        "message": "Search rerank is in auto mode, but the local reranker is unavailable; returning fusion-only ranking. No reranker model is registered. Read-only search never auto-registers cached artifacts; run the explicit model fetch command first.",
        "repair": "ee model fetch rerank-default --from-file /path/to/rerank-default-v1.tar.zst",
        "severity": "low",
        "sources": [
          "search"
        ]
      }
    ],
    "embed_backend": "hash_fallback",
    "elapsedMs": 0,
    "errors": [],
    "metrics": {
      "candidatesAboveFloor": 1,
      "candidatesBelowFloor": 0,
      "elapsedMs": 0,
      "errorCount": 0,
      "fallbackApplied": false,
      "fieldCoverage": {
        "explanationCount": 0,
        "fastScoreCount": 0,
        "lexicalScoreCount": 1,
        "metadataCount": 1,
        "qualityScoreCount": 0,
        "rerankScoreCount": 0
      },
      "honestQualityScore": 0.7299950122833252,
      "memoryScope": "swarm",
      "qualityAssessment": "good",
      "relevanceFloor": 0.05000000074505806,
      "requestedLimit": 10,
      "returnedCount": 1,
      "scoreDistribution": {
        "max": 0.5753639936447144,
        "mean": 0.5753639936447144,
        "min": 0.5753639936447144,
        "top": 0.5753639936447144
      },
      "sourceCounts": {
        "hybrid": 0,
        "lexical": 1,
        "reranked": 0,
        "semanticFast": 0,
        "semanticQuality": 0
      },
      "sourceModeApplied": "hybrid",
      "sourceModeRequested": "hybrid",
      "strictScope": false,
      "strictSourceMode": false
    },
    "profileRuntime": {
      "activeProfile": "portable",
      "budgets": {
        "cache": {
          "entryCap": 1024,
          "hotsetPrewarmLimit": 64,
          "memoryCapMb": 512
        },
        "diagnostics": {
          "redaction": "strict",
          "supportBundleProfile": "standard"
        },
        "pack": {
          "explanationVerbosity": "standard",
          "maxCandidateMemories": 48,
          "maxTokens": 4500
        },
        "search": {
          "candidateLimit": 96,
          "concurrentIndexReaders": 2,
          "staleIndexTolerance": "strict"
        },
        "steward": {
          "daemonPrewarm": false,
          "graphRefreshBudget": 256,
          "maintenanceWindowMs": 0
        },
        "verification": {
          "heavyStrategy": "rch_preferred",
          "recipe": "workspace",
          "targetDirPosture": "isolated",
          "timeoutClass": "standard"
        },
        "writeSpool": {
          "batchCap": 64,
          "queueCap": 1024,
          "retryBudget": 5
        }
      },
      "schema": "ee.profile.runtime.v1",
      "source": "workspace_config"
    },
    "query": "format before release",
    "request": {
      "memoryScope": "swarm",
      "sourceMode": "hybrid",
      "strictScope": false,
      "strictSourceMode": false
    },
    "rerank": {
      "available": false,
      "configured": "auto",
      "degradedCode": "rerank_model_unavailable",
      "mode": "fusion_only_degraded",
      "rerankScoreCount": 0,
      "schema": "ee.rerank_posture.v1",
      "scoreKind": "rrf_fused",
      "topK": 50
    },
    "resultCount": 1,
    "results": [
      {
        "calibrated": false,
        "content": "Run cargo fmt --check before release.",
        "coverageGuarantee": null,
        "docId": "mem_00000000000000000000000001",
        "lexicalScore": 0.5753642320632935,
        "memoryId": "mem_00000000000000000000000001",
        "metadata": {
          "calibrated": false,
          "content": "Run cargo fmt --check before release.",
          "content_truncated": false,
          "coverageGuarantee": null,
          "created_at": "[TIMESTAMP]",
          "kind": "rule",
          "level": "procedural",
          "memory_scope": "swarm",
          "provenanceChainHash": "[HASH]",
          "provenanceVerificationStatus": "unverified",
          "schema": "ee.search.document.v1",
          "scoreCalibration": {
            "corruptLineNumbers": [],
            "corruptRowCount": 0,
            "coverage": 0.949999988079071,
            "method": "scaled_split_conformal",
            "minimumSamples": 20,
            "provenance": {
              "feedbackEventIds": [],
              "feedbackEventIdsTruncated": false,
              "jsonlHash": null,
              "jsonlPath": ".ee/search/calibration.jsonl"
            },
            "residualQuantile": null,
            "sampleCount": 0,
            "schema": "ee.search.score_calibration.v1",
            "sourceBreakdown": {
              "feedbackEvents": 0,
              "feedbackEventsMalformed": 0,
              "feedbackEventsReadStatus": "ok",
              "feedbackEventsUnavailableReason": null,
              "jsonl": 0
            },
            "status": "absent",
            "unreadableReason": null
          },
          "scoreInterval": [
            0.0,
            1.0
          ],
          "source": "memory",
          "trust_class": "human_explicit",
          "trust_subclass": "project-rule",
          "valid_from": "[TIMESTAMP]",
          "validity_status": "current",
          "validity_window_kind": "starts_at"
        },
        "provenance": [
          {
            "docId": "mem_00000000000000000000000001",
            "kind": "search_document"
          }
        ],
        "relevanceScore": 0.5753639936447144,
        "score": 0.5753642320632935,
        "scoreInterval": [
          0.0,
          1.0
        ],
        "scoreKind": "unit_normalized",
        "source": "lexical",
        "validFrom": "[TIMESTAMP]",
        "validityStatus": "current",
        "validityWindowKind": "starts_at",
        "why": "Selected by lexical retrieval with score 0.5754."
      }
    ],
    "scopeStats": {
      "candidatesExcludedByScope": 0,
      "candidatesInScope": 1,
      "candidatesTotal": 1,
      "currentAgent": null,
      "excludedMemoryIds": [],
      "scopeApplied": "swarm",
      "strictScope": false,
      "strictViolations": 0,
      "teamSize": 0
    },
    "status": "success"
  },
  "degraded": [
    {
      "code": "embed_model_unavailable",
      "details": {
        "featureFlag": "embed-fast",
        "lexicalAvailable": true,
        "modelId": "EE_EMBED_MODEL_PATH",
        "recovery": [
          {
            "command": "ee index reembed --workspace .",
            "evidence": [
              "derived_asset_refresh_command"
            ],
            "kind": "rebuild",
            "mutatesExternalState": false,
            "mutatesTrackerState": false,
            "preconditions": [
              "workspace_must_be_explicit",
              "toolchain_or_feature_profile_must_match_request"
            ],
            "priority": 1,
            "privacyClass": "bounded_command_no_raw_state",
            "rationale": "The embedder model is unloadable; re-embed forces a fresh initialization.",
            "requiresHumanApproval": false,
            "resultsIn": "Rebuilds the embedding index against the current embed-fast feature and model configuration.",
            "riskClass": "idempotent_refresh"
          },
          {
            "command": "cargo build --features embed-fast",
            "evidence": [
              "local_toolchain_or_install_command"
            ],
            "kind": "rebuild",
            "mutatesExternalState": false,
            "mutatesTrackerState": false,
            "preconditions": [
              "use_rch_for_cargo_when_applicable",
              "toolchain_or_feature_profile_must_match_request"
            ],
            "priority": 2,
            "privacyClass": "bounded_command_no_raw_state",
            "rationale": "If this binary was built without the dense embedder, rebuild with the supported embed-fast feature.",
            "requiresHumanApproval": false,
            "riskClass": "mutating_local_repair"
          }
        ]
      },
      "message": "Embedding model unavailable (active embedder source frankensearch_hash_fallback reports semantic=false); semantic similarity is disabled and lexical search remains available.",
      "repair": "ee index reembed --workspace .",
      "severity": "warning",
      "sources": [
        "search"
      ]
    },
    {
      "code": "rerank_model_unavailable",
      "message": "Search rerank is in auto mode, but the local reranker is unavailable; returning fusion-only ranking. No reranker model is registered. Read-only search never auto-registers cached artifacts; run the explicit model fetch command first.",
      "repair": "ee model fetch rerank-default --from-file /path/to/rerank-default-v1.tar.zst",
      "severity": "low",
      "sources": [
        "search"
      ]
    }
  ],
  "schema": "ee.response.v2",
  "success": true
}
