{"schema":"ee.response.v1","success":true,"data":{"command":"install plan","schema":"ee.install.plan.v1","version":"0.1.0","operation":"install","dryRun":true,"status":"blocked","currentVersion":"0.1.0","targetVersion":null,"pinnedVersion":null,"target":{"targetTriple":"x86_64-unknown-linux-gnu","supported":true,"binaryName":"ee","executableName":"ee","installDir":"<INSTALL_ROOT>/bin","installPath":"<INSTALL_ROOT>/bin/ee"},"artifact":null,"verification":{"manifestStatus":"missing","checksumStatus":"not_checked","signatureStatus":"not_checked","targetStatus":"supported","overwriteStatus":"new_file"},"plannedOperations":[],"idempotencyKey":"<IDEMPOTENCY_KEY>","rollback":"side_path_before_replace","findings":[{"code":"offline_no_manifest","severity":"error","message":"no release manifest was supplied","nextAction":"Pass --manifest to plan from a verified release manifest."}]}}
