{
  "schema": "ee.response.v1",
  "success": true,
  "data": {
    "command": "agent status",
    "version": "0.1.0",
    "inventory": {
      "schema": "ee.agent.status.v1",
      "status": "ready",
      "formatVersion": 1,
      "summary": {
        "detectedCount": 4,
        "totalCount": 4
      },
      "inspectionCommand": "ee agent status --json",
      "installedAgents": [
        {
          "slug": "claude",
          "detected": true,
          "evidence": [
            "override root exists: /data/projects/eidetic_engine_cli/tests/fixtures/agent_detect/claude/projects"
          ],
          "rootPaths": [
            "/data/projects/eidetic_engine_cli/tests/fixtures/agent_detect/claude/projects"
          ]
        },
        {
          "slug": "codex",
          "detected": true,
          "evidence": [
            "override root exists: /data/projects/eidetic_engine_cli/tests/fixtures/agent_detect/codex/sessions"
          ],
          "rootPaths": [
            "/data/projects/eidetic_engine_cli/tests/fixtures/agent_detect/codex/sessions"
          ]
        },
        {
          "slug": "cursor",
          "detected": true,
          "evidence": [
            "override root exists: /data/projects/eidetic_engine_cli/tests/fixtures/agent_detect/cursor/.cursor"
          ],
          "rootPaths": [
            "/data/projects/eidetic_engine_cli/tests/fixtures/agent_detect/cursor/.cursor"
          ]
        },
        {
          "slug": "gemini",
          "detected": true,
          "evidence": [
            "override root exists: /data/projects/eidetic_engine_cli/tests/fixtures/agent_detect/gemini/tmp"
          ],
          "rootPaths": [
            "/data/projects/eidetic_engine_cli/tests/fixtures/agent_detect/gemini/tmp"
          ]
        }
      ],
      "degraded": []
    }
  }
}
