{"format_version":1,"installed_agents":[{"slug":"claude","detected":true,"evidence":["override root exists: __FIXTURE_PATH__/claude/projects"],"root_paths":["__FIXTURE_PATH__/claude/projects"]},{"slug":"codex","detected":true,"evidence":["override root exists: __FIXTURE_PATH__/codex/sessions"],"root_paths":["__FIXTURE_PATH__/codex/sessions"]},{"slug":"cursor","detected":true,"evidence":["override root exists: __FIXTURE_PATH__/cursor/.cursor"],"root_paths":["__FIXTURE_PATH__/cursor/.cursor"]},{"slug":"gemini","detected":true,"evidence":["override root exists: __FIXTURE_PATH__/gemini/tmp"],"root_paths":["__FIXTURE_PATH__/gemini/tmp"]}],"summary":{"detected_count":4,"total_count":4}}
